[2026-09-21T12:39:20.923+0000] {local_task_job_runner.py:123} INFO - ::group::Pre task execution logs
[2026-09-21T12:39:20.934+0000] {taskinstance.py:2614} INFO - Dependencies all met for dep_context=non-requeueable deps ti=<TaskInstance: dss150p_sales_pipeline.extract scheduled__2026-09-20T02:00:00+00:00 [queued]>
[2026-09-21T12:39:20.938+0000] {taskinstance.py:2614} INFO - Dependencies all met for dep_context=requeueable deps ti=<TaskInstance: dss150p_sales_pipeline.extract scheduled__2026-09-20T02:00:00+00:00 [queued]>
[2026-09-21T12:39:20.939+0000] {taskinstance.py:2867} INFO - Starting attempt 1 of 3
[2026-09-21T12:39:20.946+0000] {taskinstance.py:2890} INFO - Executing <Task(BashOperator): extract> on 2026-09-20 02:00:00+00:00
[2026-09-21T12:39:20.951+0000] {standard_task_runner.py:72} INFO - Started process 251 to run task
[2026-09-21T12:39:20.953+0000] {standard_task_runner.py:104} INFO - Running: ['airflow', 'tasks', 'run', 'dss150p_sales_pipeline', 'extract', 'scheduled__2026-09-20T02:00:00+00:00', '--job-id', '2', '--raw', '--subdir', 'DAGS_FOLDER/dss150p_pipeline.py', '--cfg-path', '/tmp/tmpvfwvea93']
[2026-09-21T12:39:20.956+0000] {standard_task_runner.py:105} INFO - Job 2: Subtask extract
[2026-09-21T12:39:20.994+0000] {task_command.py:467} INFO - Running <TaskInstance: dss150p_sales_pipeline.extract scheduled__2026-09-20T02:00:00+00:00 [running]> on host b1db99fd47a1
[2026-09-21T12:39:21.054+0000] {taskinstance.py:3134} INFO - Exporting env vars: AIRFLOW_CTX_DAG_OWNER='dss150p' AIRFLOW_CTX_DAG_ID='dss150p_sales_pipeline' AIRFLOW_CTX_TASK_ID='extract' AIRFLOW_CTX_EXECUTION_DATE='2026-09-20T02:00:00+00:00' AIRFLOW_CTX_TRY_NUMBER='1' AIRFLOW_CTX_DAG_RUN_ID='scheduled__2026-09-20T02:00:00+00:00'
[2026-09-21T12:39:21.056+0000] {taskinstance.py:732} INFO - ::endgroup::
[2026-09-21T12:39:21.081+0000] {subprocess.py:78} INFO - Tmp dir root location: /tmp
[2026-09-21T12:39:21.083+0000] {subprocess.py:88} INFO - Running command: ['/usr/bin/bash', '-c', 'cd /opt/airflow/project && PIPELINE_RUN_ID="scheduled__2026-09-20T02:00:00+00:00" python -m src.cli extract']
[2026-09-21T12:39:21.093+0000] {subprocess.py:99} INFO - Output:
[2026-09-21T12:39:22.311+0000] {subprocess.py:106} INFO - [Extract] Snapshotting raw sources (run_id=scheduled__2026-09-20T02:00:00+00:00)...
[2026-09-21T12:39:22.312+0000] {subprocess.py:106} INFO - -> Raw data saved at: /opt/airflow/project/data/raw/run_id=scheduled__2026-09-20T02:00:00+00:00
[2026-09-21T12:39:22.362+0000] {subprocess.py:110} INFO - Command exited with return code 0
[2026-09-21T12:39:22.382+0000] {taskinstance.py:341} INFO - ::group::Post task execution logs
[2026-09-21T12:39:22.383+0000] {taskinstance.py:353} INFO - Marking task as SUCCESS. dag_id=dss150p_sales_pipeline, task_id=extract, run_id=scheduled__2026-09-20T02:00:00+00:00, execution_date=20260920T020000, start_date=20260921T123920, end_date=20260921T123922
[2026-09-21T12:39:22.411+0000] {local_task_job_runner.py:266} INFO - Task exited with return code 0
[2026-09-21T12:39:22.431+0000] {taskinstance.py:3901} INFO - 1 downstream tasks scheduled from follow-on schedule check
[2026-09-21T12:39:22.433+0000] {local_task_job_runner.py:245} INFO - ::endgroup::
