[2026-09-21T14:19:26.739+0000] {local_task_job_runner.py:123} INFO - ::group::Pre task execution logs
[2026-09-21T14:19:26.751+0000] {taskinstance.py:2614} INFO - Dependencies all met for dep_context=non-requeueable deps ti=<TaskInstance: dss150p_sales_pipeline.transform manual__2026-09-21T14:08:14+00:00 [queued]>
[2026-09-21T14:19:26.756+0000] {taskinstance.py:2614} INFO - Dependencies all met for dep_context=requeueable deps ti=<TaskInstance: dss150p_sales_pipeline.transform manual__2026-09-21T14:08:14+00:00 [queued]>
[2026-09-21T14:19:26.757+0000] {taskinstance.py:2867} INFO - Starting attempt 1 of 3
[2026-09-21T14:19:26.765+0000] {taskinstance.py:2890} INFO - Executing <Task(BashOperator): transform> on 2026-09-21 14:08:14+00:00
[2026-09-21T14:19:26.770+0000] {standard_task_runner.py:72} INFO - Started process 1798 to run task
[2026-09-21T14:19:26.772+0000] {standard_task_runner.py:104} INFO - Running: ['airflow', 'tasks', 'run', 'dss150p_sales_pipeline', 'transform', 'manual__2026-09-21T14:08:14+00:00', '--job-id', '18', '--raw', '--subdir', 'DAGS_FOLDER/dss150p_pipeline.py', '--cfg-path', '/tmp/tmpfiwnwg04']
[2026-09-21T14:19:26.774+0000] {standard_task_runner.py:105} INFO - Job 18: Subtask transform
[2026-09-21T14:19:26.809+0000] {task_command.py:467} INFO - Running <TaskInstance: dss150p_sales_pipeline.transform manual__2026-09-21T14:08:14+00:00 [running]> on host b1db99fd47a1
[2026-09-21T14:19:26.866+0000] {taskinstance.py:3134} INFO - Exporting env vars: AIRFLOW_CTX_DAG_OWNER='dss150p' AIRFLOW_CTX_DAG_ID='dss150p_sales_pipeline' AIRFLOW_CTX_TASK_ID='transform' AIRFLOW_CTX_EXECUTION_DATE='2026-09-21T14:08:14+00:00' AIRFLOW_CTX_TRY_NUMBER='1' AIRFLOW_CTX_DAG_RUN_ID='manual__2026-09-21T14:08:14+00:00'
[2026-09-21T14:19:26.867+0000] {taskinstance.py:732} INFO - ::endgroup::
[2026-09-21T14:19:26.875+0000] {subprocess.py:78} INFO - Tmp dir root location: /tmp
[2026-09-21T14:19:26.877+0000] {subprocess.py:88} INFO - Running command: ['/usr/bin/bash', '-c', 'cd /opt/airflow/project && PIPELINE_RUN_ID="manual__2026-09-21T14:08:14+00:00" python -m src.cli transform']
[2026-09-21T14:19:26.887+0000] {subprocess.py:99} INFO - Output:
[2026-09-21T14:19:28.634+0000] {subprocess.py:106} INFO - [Transform] Staging raw datasets (run_id=manual__2026-09-21T14:08:14+00:00)...
[2026-09-21T14:19:28.635+0000] {subprocess.py:106} INFO - -> Staged Parquet files saved at: /opt/airflow/project/data/staging/run_id=manual__2026-09-21T14:08:14+00:00
[2026-09-21T14:19:28.636+0000] {subprocess.py:106} INFO - [Transform] Curating staged datasets (run_id=manual__2026-09-21T14:08:14+00:00)...
[2026-09-21T14:19:28.637+0000] {subprocess.py:106} INFO - -> Curated Parquet files saved at: /opt/airflow/project/data/curated/run_id=manual__2026-09-21T14:08:14+00:00
[2026-09-21T14:19:28.683+0000] {subprocess.py:110} INFO - Command exited with return code 0
[2026-09-21T14:19:28.706+0000] {taskinstance.py:341} INFO - ::group::Post task execution logs
[2026-09-21T14:19:28.707+0000] {taskinstance.py:353} INFO - Marking task as SUCCESS. dag_id=dss150p_sales_pipeline, task_id=transform, run_id=manual__2026-09-21T14:08:14+00:00, execution_date=20260921T140814, start_date=20260921T141926, end_date=20260921T141928
[2026-09-21T14:19:28.750+0000] {local_task_job_runner.py:266} INFO - Task exited with return code 0
[2026-09-21T14:19:28.767+0000] {taskinstance.py:3901} INFO - 1 downstream tasks scheduled from follow-on schedule check
[2026-09-21T14:19:28.768+0000] {local_task_job_runner.py:245} INFO - ::endgroup::
