[2026-09-21T13:44:36.008+0000] {local_task_job_runner.py:123} INFO - ::group::Pre task execution logs
[2026-09-21T13:44:36.021+0000] {taskinstance.py:2614} INFO - Dependencies all met for dep_context=non-requeueable deps ti=<TaskInstance: dss150p_sales_pipeline.transform manual__2026-09-21T13:42:06+00:00 [queued]>
[2026-09-21T13:44:36.026+0000] {taskinstance.py:2614} INFO - Dependencies all met for dep_context=requeueable deps ti=<TaskInstance: dss150p_sales_pipeline.transform manual__2026-09-21T13:42:06+00:00 [queued]>
[2026-09-21T13:44:36.027+0000] {taskinstance.py:2867} INFO - Starting attempt 1 of 3
[2026-09-21T13:44:36.035+0000] {taskinstance.py:2890} INFO - Executing <Task(BashOperator): transform> on 2026-09-21 13:42:06+00:00
[2026-09-21T13:44:36.041+0000] {standard_task_runner.py:72} INFO - Started process 1235 to run task
[2026-09-21T13:44:36.043+0000] {standard_task_runner.py:104} INFO - Running: ['airflow', 'tasks', 'run', 'dss150p_sales_pipeline', 'transform', 'manual__2026-09-21T13:42:06+00:00', '--job-id', '11', '--raw', '--subdir', 'DAGS_FOLDER/dss150p_pipeline.py', '--cfg-path', '/tmp/tmp1f1gh6kj']
[2026-09-21T13:44:36.045+0000] {standard_task_runner.py:105} INFO - Job 11: Subtask transform
[2026-09-21T13:44:36.076+0000] {task_command.py:467} INFO - Running <TaskInstance: dss150p_sales_pipeline.transform manual__2026-09-21T13:42:06+00:00 [running]> on host b1db99fd47a1
[2026-09-21T13:44:36.129+0000] {taskinstance.py:3134} INFO - Exporting env vars: AIRFLOW_CTX_DAG_OWNER='dss150p' AIRFLOW_CTX_DAG_ID='dss150p_sales_pipeline' AIRFLOW_CTX_TASK_ID='transform' AIRFLOW_CTX_EXECUTION_DATE='2026-09-21T13:42:06+00:00' AIRFLOW_CTX_TRY_NUMBER='1' AIRFLOW_CTX_DAG_RUN_ID='manual__2026-09-21T13:42:06+00:00'
[2026-09-21T13:44:36.130+0000] {taskinstance.py:732} INFO - ::endgroup::
[2026-09-21T13:44:36.139+0000] {subprocess.py:78} INFO - Tmp dir root location: /tmp
[2026-09-21T13:44:36.141+0000] {subprocess.py:88} INFO - Running command: ['/usr/bin/bash', '-c', 'cd /opt/airflow/project && PIPELINE_RUN_ID="manual__2026-09-21T13:42:06+00:00" python -m src.cli transform']
[2026-09-21T13:44:36.150+0000] {subprocess.py:99} INFO - Output:
[2026-09-21T13:44:37.946+0000] {subprocess.py:106} INFO - [Transform] Staging raw datasets (run_id=manual__2026-09-21T13:42:06+00:00)...
[2026-09-21T13:44:37.947+0000] {subprocess.py:106} INFO - -> Staged Parquet files saved at: /opt/airflow/project/data/staging/run_id=manual__2026-09-21T13:42:06+00:00
[2026-09-21T13:44:37.948+0000] {subprocess.py:106} INFO - [Transform] Curating staged datasets (run_id=manual__2026-09-21T13:42:06+00:00)...
[2026-09-21T13:44:37.949+0000] {subprocess.py:106} INFO - -> Curated Parquet files saved at: /opt/airflow/project/data/curated/run_id=manual__2026-09-21T13:42:06+00:00
[2026-09-21T13:44:37.996+0000] {subprocess.py:110} INFO - Command exited with return code 0
[2026-09-21T13:44:38.017+0000] {taskinstance.py:341} INFO - ::group::Post task execution logs
[2026-09-21T13:44:38.018+0000] {taskinstance.py:353} INFO - Marking task as SUCCESS. dag_id=dss150p_sales_pipeline, task_id=transform, run_id=manual__2026-09-21T13:42:06+00:00, execution_date=20260921T134206, start_date=20260921T134436, end_date=20260921T134438
[2026-09-21T13:44:38.061+0000] {local_task_job_runner.py:266} INFO - Task exited with return code 0
[2026-09-21T13:44:38.080+0000] {taskinstance.py:3901} INFO - 1 downstream tasks scheduled from follow-on schedule check
[2026-09-21T13:44:38.082+0000] {local_task_job_runner.py:245} INFO - ::endgroup::
