[2026-09-23T13:49:33.539+0000] {local_task_job_runner.py:123} INFO - ::group::Pre task execution logs
[2026-09-23T13:49:33.549+0000] {taskinstance.py:2614} INFO - Dependencies all met for dep_context=non-requeueable deps ti=<TaskInstance: dss150p_sales_pipeline.extract scheduled__2026-09-22T02:00:00+00:00 [queued]>
[2026-09-23T13:49:33.553+0000] {taskinstance.py:2614} INFO - Dependencies all met for dep_context=requeueable deps ti=<TaskInstance: dss150p_sales_pipeline.extract scheduled__2026-09-22T02:00:00+00:00 [queued]>
[2026-09-23T13:49:33.554+0000] {taskinstance.py:2867} INFO - Starting attempt 1 of 3
[2026-09-23T13:49:33.561+0000] {taskinstance.py:2890} INFO - Executing <Task(BashOperator): extract> on 2026-09-22 02:00:00+00:00
[2026-09-23T13:49:33.566+0000] {standard_task_runner.py:72} INFO - Started process 186 to run task
[2026-09-23T13:49:33.568+0000] {standard_task_runner.py:104} INFO - Running: ['airflow', 'tasks', 'run', 'dss150p_sales_pipeline', 'extract', 'scheduled__2026-09-22T02:00:00+00:00', '--job-id', '2', '--raw', '--subdir', 'DAGS_FOLDER/dss150p_pipeline.py', '--cfg-path', '/tmp/tmp7qttn_q8']
[2026-09-23T13:49:33.569+0000] {standard_task_runner.py:105} INFO - Job 2: Subtask extract
[2026-09-23T13:49:33.607+0000] {task_command.py:467} INFO - Running <TaskInstance: dss150p_sales_pipeline.extract scheduled__2026-09-22T02:00:00+00:00 [running]> on host fe3f58fc2793
[2026-09-23T13:49:33.664+0000] {taskinstance.py:3134} INFO - Exporting env vars: AIRFLOW_CTX_DAG_OWNER='dss150p' AIRFLOW_CTX_DAG_ID='dss150p_sales_pipeline' AIRFLOW_CTX_TASK_ID='extract' AIRFLOW_CTX_EXECUTION_DATE='2026-09-22T02:00:00+00:00' AIRFLOW_CTX_TRY_NUMBER='1' AIRFLOW_CTX_DAG_RUN_ID='scheduled__2026-09-22T02:00:00+00:00'
[2026-09-23T13:49:33.665+0000] {taskinstance.py:732} INFO - ::endgroup::
[2026-09-23T13:49:33.690+0000] {subprocess.py:78} INFO - Tmp dir root location: /tmp
[2026-09-23T13:49:33.692+0000] {subprocess.py:88} INFO - Running command: ['/usr/bin/bash', '-c', 'cd /opt/airflow/project && PIPELINE_RUN_ID="scheduled__2026-09-22T02:00:00+00:00" python -m src.cli extract']
[2026-09-23T13:49:33.701+0000] {subprocess.py:99} INFO - Output:
[2026-09-23T13:49:34.594+0000] {subprocess.py:106} INFO - [Extract] Snapshotting raw sources (run_id=scheduled__2026-09-22T02:00:00+00:00)...
[2026-09-23T13:49:34.595+0000] {subprocess.py:106} INFO - -> Raw data saved at: /opt/airflow/project/data/raw/run_id=scheduled__2026-09-22T02:00:00+00:00
[2026-09-23T13:49:34.632+0000] {subprocess.py:110} INFO - Command exited with return code 0
[2026-09-23T13:49:34.652+0000] {taskinstance.py:341} INFO - ::group::Post task execution logs
[2026-09-23T13:49:34.652+0000] {taskinstance.py:353} INFO - Marking task as SUCCESS. dag_id=dss150p_sales_pipeline, task_id=extract, run_id=scheduled__2026-09-22T02:00:00+00:00, execution_date=20260922T020000, start_date=20260923T134933, end_date=20260923T134934
[2026-09-23T13:49:34.704+0000] {local_task_job_runner.py:266} INFO - Task exited with return code 0
[2026-09-23T13:49:34.721+0000] {taskinstance.py:3901} INFO - 1 downstream tasks scheduled from follow-on schedule check
[2026-09-23T13:49:34.723+0000] {local_task_job_runner.py:245} INFO - ::endgroup::
