[2026-09-21T13:44:34.100+0000] {local_task_job_runner.py:123} INFO - ::group::Pre task execution logs
[2026-09-21T13:44:34.113+0000] {taskinstance.py:2614} INFO - Dependencies all met for dep_context=non-requeueable deps ti=<TaskInstance: dss150p_sales_pipeline.extract manual__2026-09-21T13:42:06+00:00 [queued]>
[2026-09-21T13:44:34.118+0000] {taskinstance.py:2614} INFO - Dependencies all met for dep_context=requeueable deps ti=<TaskInstance: dss150p_sales_pipeline.extract manual__2026-09-21T13:42:06+00:00 [queued]>
[2026-09-21T13:44:34.119+0000] {taskinstance.py:2867} INFO - Starting attempt 1 of 3
[2026-09-21T13:44:34.127+0000] {taskinstance.py:2890} INFO - Executing <Task(BashOperator): extract> on 2026-09-21 13:42:06+00:00
[2026-09-21T13:44:34.134+0000] {standard_task_runner.py:72} INFO - Started process 1215 to run task
[2026-09-21T13:44:34.136+0000] {standard_task_runner.py:104} INFO - Running: ['airflow', 'tasks', 'run', 'dss150p_sales_pipeline', 'extract', 'manual__2026-09-21T13:42:06+00:00', '--job-id', '10', '--raw', '--subdir', 'DAGS_FOLDER/dss150p_pipeline.py', '--cfg-path', '/tmp/tmptwctolv9']
[2026-09-21T13:44:34.138+0000] {standard_task_runner.py:105} INFO - Job 10: Subtask extract
[2026-09-21T13:44:34.176+0000] {task_command.py:467} INFO - Running <TaskInstance: dss150p_sales_pipeline.extract manual__2026-09-21T13:42:06+00:00 [running]> on host b1db99fd47a1
[2026-09-21T13:44:34.240+0000] {taskinstance.py:3134} INFO - Exporting env vars: AIRFLOW_CTX_DAG_OWNER='dss150p' AIRFLOW_CTX_DAG_ID='dss150p_sales_pipeline' AIRFLOW_CTX_TASK_ID='extract' AIRFLOW_CTX_EXECUTION_DATE='2026-09-21T13:42:06+00:00' AIRFLOW_CTX_TRY_NUMBER='1' AIRFLOW_CTX_DAG_RUN_ID='manual__2026-09-21T13:42:06+00:00'
[2026-09-21T13:44:34.241+0000] {taskinstance.py:732} INFO - ::endgroup::
[2026-09-21T13:44:34.256+0000] {subprocess.py:78} INFO - Tmp dir root location: /tmp
[2026-09-21T13:44:34.258+0000] {subprocess.py:88} INFO - Running command: ['/usr/bin/bash', '-c', 'cd /opt/airflow/project && PIPELINE_RUN_ID="manual__2026-09-21T13:42:06+00:00" python -m src.cli extract']
[2026-09-21T13:44:34.271+0000] {subprocess.py:99} INFO - Output:
[2026-09-21T13:44:35.469+0000] {subprocess.py:106} INFO - [Extract] Snapshotting raw sources (run_id=manual__2026-09-21T13:42:06+00:00)...
[2026-09-21T13:44:35.470+0000] {subprocess.py:106} INFO - -> Raw data saved at: /opt/airflow/project/data/raw/run_id=manual__2026-09-21T13:42:06+00:00
[2026-09-21T13:44:35.524+0000] {subprocess.py:110} INFO - Command exited with return code 0
[2026-09-21T13:44:35.545+0000] {taskinstance.py:341} INFO - ::group::Post task execution logs
[2026-09-21T13:44:35.546+0000] {taskinstance.py:353} INFO - Marking task as SUCCESS. dag_id=dss150p_sales_pipeline, task_id=extract, run_id=manual__2026-09-21T13:42:06+00:00, execution_date=20260921T134206, start_date=20260921T134434, end_date=20260921T134435
[2026-09-21T13:44:35.596+0000] {local_task_job_runner.py:266} INFO - Task exited with return code 0
[2026-09-21T13:44:35.616+0000] {taskinstance.py:3901} INFO - 1 downstream tasks scheduled from follow-on schedule check
[2026-09-21T13:44:35.618+0000] {local_task_job_runner.py:245} INFO - ::endgroup::
