[2026-09-21T14:19:24.688+0000] {local_task_job_runner.py:123} INFO - ::group::Pre task execution logs
[2026-09-21T14:19:24.699+0000] {taskinstance.py:2614} INFO - Dependencies all met for dep_context=non-requeueable deps ti=<TaskInstance: dss150p_sales_pipeline.extract manual__2026-09-21T14:08:14+00:00 [queued]>
[2026-09-21T14:19:24.704+0000] {taskinstance.py:2614} INFO - Dependencies all met for dep_context=requeueable deps ti=<TaskInstance: dss150p_sales_pipeline.extract manual__2026-09-21T14:08:14+00:00 [queued]>
[2026-09-21T14:19:24.705+0000] {taskinstance.py:2867} INFO - Starting attempt 4 of 6
[2026-09-21T14:19:24.712+0000] {taskinstance.py:2890} INFO - Executing <Task(BashOperator): extract> on 2026-09-21 14:08:14+00:00
[2026-09-21T14:19:24.717+0000] {standard_task_runner.py:72} INFO - Started process 1778 to run task
[2026-09-21T14:19:24.720+0000] {standard_task_runner.py:104} INFO - Running: ['airflow', 'tasks', 'run', 'dss150p_sales_pipeline', 'extract', 'manual__2026-09-21T14:08:14+00:00', '--job-id', '17', '--raw', '--subdir', 'DAGS_FOLDER/dss150p_pipeline.py', '--cfg-path', '/tmp/tmpmwa9fap1']
[2026-09-21T14:19:24.722+0000] {standard_task_runner.py:105} INFO - Job 17: Subtask extract
[2026-09-21T14:19:24.759+0000] {task_command.py:467} INFO - Running <TaskInstance: dss150p_sales_pipeline.extract manual__2026-09-21T14:08:14+00:00 [running]> on host b1db99fd47a1
[2026-09-21T14:19:24.815+0000] {taskinstance.py:3134} INFO - Exporting env vars: AIRFLOW_CTX_DAG_OWNER='dss150p' AIRFLOW_CTX_DAG_ID='dss150p_sales_pipeline' AIRFLOW_CTX_TASK_ID='extract' AIRFLOW_CTX_EXECUTION_DATE='2026-09-21T14:08:14+00:00' AIRFLOW_CTX_TRY_NUMBER='4' AIRFLOW_CTX_DAG_RUN_ID='manual__2026-09-21T14:08:14+00:00'
[2026-09-21T14:19:24.816+0000] {taskinstance.py:732} INFO - ::endgroup::
[2026-09-21T14:19:24.832+0000] {subprocess.py:78} INFO - Tmp dir root location: /tmp
[2026-09-21T14:19:24.833+0000] {subprocess.py:88} INFO - Running command: ['/usr/bin/bash', '-c', 'cd /opt/airflow/project && PIPELINE_RUN_ID="manual__2026-09-21T14:08:14+00:00" python -m src.cli extract']
[2026-09-21T14:19:24.844+0000] {subprocess.py:99} INFO - Output:
[2026-09-21T14:19:26.012+0000] {subprocess.py:106} INFO - [Extract] Snapshotting raw sources (run_id=manual__2026-09-21T14:08:14+00:00)...
[2026-09-21T14:19:26.013+0000] {subprocess.py:106} INFO - -> Raw data saved at: /opt/airflow/project/data/raw/run_id=manual__2026-09-21T14:08:14+00:00
[2026-09-21T14:19:26.068+0000] {subprocess.py:110} INFO - Command exited with return code 0
[2026-09-21T14:19:26.089+0000] {taskinstance.py:341} INFO - ::group::Post task execution logs
[2026-09-21T14:19:26.090+0000] {taskinstance.py:353} INFO - Marking task as SUCCESS. dag_id=dss150p_sales_pipeline, task_id=extract, run_id=manual__2026-09-21T14:08:14+00:00, execution_date=20260921T140814, start_date=20260921T141924, end_date=20260921T141926
[2026-09-21T14:19:26.136+0000] {local_task_job_runner.py:266} INFO - Task exited with return code 0
[2026-09-21T14:19:26.156+0000] {taskinstance.py:3901} INFO - 1 downstream tasks scheduled from follow-on schedule check
[2026-09-21T14:19:26.158+0000] {local_task_job_runner.py:245} INFO - ::endgroup::
