[2026-09-23T13:49:35.597+0000] {local_task_job_runner.py:123} INFO - ::group::Pre task execution logs
[2026-09-23T13:49:35.609+0000] {taskinstance.py:2614} INFO - Dependencies all met for dep_context=non-requeueable deps ti=<TaskInstance: dss150p_sales_pipeline.transform scheduled__2026-09-22T02:00:00+00:00 [queued]>
[2026-09-23T13:49:35.614+0000] {taskinstance.py:2614} INFO - Dependencies all met for dep_context=requeueable deps ti=<TaskInstance: dss150p_sales_pipeline.transform scheduled__2026-09-22T02:00:00+00:00 [queued]>
[2026-09-23T13:49:35.615+0000] {taskinstance.py:2867} INFO - Starting attempt 1 of 3
[2026-09-23T13:49:35.621+0000] {taskinstance.py:2890} INFO - Executing <Task(BashOperator): transform> on 2026-09-22 02:00:00+00:00
[2026-09-23T13:49:35.626+0000] {standard_task_runner.py:72} INFO - Started process 206 to run task
[2026-09-23T13:49:35.628+0000] {standard_task_runner.py:104} INFO - Running: ['airflow', 'tasks', 'run', 'dss150p_sales_pipeline', 'transform', 'scheduled__2026-09-22T02:00:00+00:00', '--job-id', '3', '--raw', '--subdir', 'DAGS_FOLDER/dss150p_pipeline.py', '--cfg-path', '/tmp/tmpo821opbo']
[2026-09-23T13:49:35.630+0000] {standard_task_runner.py:105} INFO - Job 3: Subtask transform
[2026-09-23T13:49:35.662+0000] {task_command.py:467} INFO - Running <TaskInstance: dss150p_sales_pipeline.transform scheduled__2026-09-22T02:00:00+00:00 [running]> on host fe3f58fc2793
[2026-09-23T13:49:35.712+0000] {taskinstance.py:3134} INFO - Exporting env vars: AIRFLOW_CTX_DAG_OWNER='dss150p' AIRFLOW_CTX_DAG_ID='dss150p_sales_pipeline' AIRFLOW_CTX_TASK_ID='transform' AIRFLOW_CTX_EXECUTION_DATE='2026-09-22T02:00:00+00:00' AIRFLOW_CTX_TRY_NUMBER='1' AIRFLOW_CTX_DAG_RUN_ID='scheduled__2026-09-22T02:00:00+00:00'
[2026-09-23T13:49:35.713+0000] {taskinstance.py:732} INFO - ::endgroup::
[2026-09-23T13:49:35.724+0000] {subprocess.py:78} INFO - Tmp dir root location: /tmp
[2026-09-23T13:49:35.725+0000] {subprocess.py:88} INFO - Running command: ['/usr/bin/bash', '-c', 'cd /opt/airflow/project && PIPELINE_RUN_ID="scheduled__2026-09-22T02:00:00+00:00" python -m src.cli transform']
[2026-09-23T13:49:35.734+0000] {subprocess.py:99} INFO - Output:
[2026-09-23T13:49:37.427+0000] {subprocess.py:106} INFO - [Transform] Staging raw datasets (run_id=scheduled__2026-09-22T02:00:00+00:00)...
[2026-09-23T13:49:37.428+0000] {subprocess.py:106} INFO - -> Staged Parquet files saved at: /opt/airflow/project/data/staging/run_id=scheduled__2026-09-22T02:00:00+00:00
[2026-09-23T13:49:37.429+0000] {subprocess.py:106} INFO - [Transform] Curating staged datasets (run_id=scheduled__2026-09-22T02:00:00+00:00)...
[2026-09-23T13:49:37.430+0000] {subprocess.py:106} INFO - -> Curated Parquet files saved at: /opt/airflow/project/data/curated/run_id=scheduled__2026-09-22T02:00:00+00:00
[2026-09-23T13:49:37.474+0000] {subprocess.py:110} INFO - Command exited with return code 0
[2026-09-23T13:49:37.495+0000] {taskinstance.py:341} INFO - ::group::Post task execution logs
[2026-09-23T13:49:37.496+0000] {taskinstance.py:353} INFO - Marking task as SUCCESS. dag_id=dss150p_sales_pipeline, task_id=transform, run_id=scheduled__2026-09-22T02:00:00+00:00, execution_date=20260922T020000, start_date=20260923T134935, end_date=20260923T134937
[2026-09-23T13:49:37.526+0000] {local_task_job_runner.py:266} INFO - Task exited with return code 0
[2026-09-23T13:49:37.542+0000] {taskinstance.py:3901} INFO - 1 downstream tasks scheduled from follow-on schedule check
[2026-09-23T13:49:37.544+0000] {local_task_job_runner.py:245} INFO - ::endgroup::
