[2026-09-23T13:50:18.743+0000] {local_task_job_runner.py:123} INFO - ::group::Pre task execution logs
[2026-09-23T13:50:18.754+0000] {taskinstance.py:2614} INFO - Dependencies all met for dep_context=non-requeueable deps ti=<TaskInstance: dss150p_sales_pipeline.load manual__2026-09-23T13:50:11+00:00 [queued]>
[2026-09-23T13:50:18.760+0000] {taskinstance.py:2614} INFO - Dependencies all met for dep_context=requeueable deps ti=<TaskInstance: dss150p_sales_pipeline.load manual__2026-09-23T13:50:11+00:00 [queued]>
[2026-09-23T13:50:18.760+0000] {taskinstance.py:2867} INFO - Starting attempt 1 of 3
[2026-09-23T13:50:18.766+0000] {taskinstance.py:2890} INFO - Executing <Task(BashOperator): load> on 2026-09-23 13:50:11+00:00
[2026-09-23T13:50:18.771+0000] {standard_task_runner.py:72} INFO - Started process 425 to run task
[2026-09-23T13:50:18.773+0000] {standard_task_runner.py:104} INFO - Running: ['airflow', 'tasks', 'run', 'dss150p_sales_pipeline', 'load', 'manual__2026-09-23T13:50:11+00:00', '--job-id', '8', '--raw', '--subdir', 'DAGS_FOLDER/dss150p_pipeline.py', '--cfg-path', '/tmp/tmp53o8uc7t']
[2026-09-23T13:50:18.775+0000] {standard_task_runner.py:105} INFO - Job 8: Subtask load
[2026-09-23T13:50:18.810+0000] {task_command.py:467} INFO - Running <TaskInstance: dss150p_sales_pipeline.load manual__2026-09-23T13:50:11+00:00 [running]> on host fe3f58fc2793
[2026-09-23T13:50:18.866+0000] {taskinstance.py:3134} INFO - Exporting env vars: AIRFLOW_CTX_DAG_OWNER='dss150p' AIRFLOW_CTX_DAG_ID='dss150p_sales_pipeline' AIRFLOW_CTX_TASK_ID='load' AIRFLOW_CTX_EXECUTION_DATE='2026-09-23T13:50:11+00:00' AIRFLOW_CTX_TRY_NUMBER='1' AIRFLOW_CTX_DAG_RUN_ID='manual__2026-09-23T13:50:11+00:00'
[2026-09-23T13:50:18.867+0000] {taskinstance.py:732} INFO - ::endgroup::
[2026-09-23T13:50:18.875+0000] {subprocess.py:78} INFO - Tmp dir root location: /tmp
[2026-09-23T13:50:18.877+0000] {subprocess.py:88} INFO - Running command: ['/usr/bin/bash', '-c', '\n            cd /opt/airflow/project\n            export PIPELINE_RUN_ID="manual__2026-09-23T13:50:11+00:00"\n            if [ "full" = "partition" ]; then\n                python -m src.cli load-partition --year 2026 --month 1\n            else\n                python -m src.cli load\n            fi\n        ']
[2026-09-23T13:50:18.885+0000] {subprocess.py:99} INFO - Output:
[2026-09-23T13:50:27.187+0000] {subprocess.py:106} INFO - [Load] Upserting curated data into PostgreSQL (run_id=manual__2026-09-23T13:50:11+00:00)...
[2026-09-23T13:50:27.188+0000] {subprocess.py:106} INFO - [UPSERT] Processed 33363 records (0 updated/inserted).
[2026-09-23T13:50:27.233+0000] {subprocess.py:110} INFO - Command exited with return code 0
[2026-09-23T13:50:27.253+0000] {taskinstance.py:341} INFO - ::group::Post task execution logs
[2026-09-23T13:50:27.254+0000] {taskinstance.py:353} INFO - Marking task as SUCCESS. dag_id=dss150p_sales_pipeline, task_id=load, run_id=manual__2026-09-23T13:50:11+00:00, execution_date=20260923T135011, start_date=20260923T135018, end_date=20260923T135027
[2026-09-23T13:50:27.280+0000] {local_task_job_runner.py:266} INFO - Task exited with return code 0
[2026-09-23T13:50:27.293+0000] {taskinstance.py:3901} INFO - 1 downstream tasks scheduled from follow-on schedule check
[2026-09-23T13:50:27.295+0000] {local_task_job_runner.py:245} INFO - ::endgroup::
