[2026-09-21T13:14:27.102+0000] {local_task_job_runner.py:123} INFO - ::group::Pre task execution logs
[2026-09-21T13:14:27.115+0000] {taskinstance.py:2614} INFO - Dependencies all met for dep_context=non-requeueable deps ti=<TaskInstance: dss150p_sales_pipeline.load manual__2026-09-21T13:14:19+00:00 [queued]>
[2026-09-21T13:14:27.121+0000] {taskinstance.py:2614} INFO - Dependencies all met for dep_context=requeueable deps ti=<TaskInstance: dss150p_sales_pipeline.load manual__2026-09-21T13:14:19+00:00 [queued]>
[2026-09-21T13:14:27.122+0000] {taskinstance.py:2867} INFO - Starting attempt 1 of 3
[2026-09-21T13:14:27.130+0000] {taskinstance.py:2890} INFO - Executing <Task(BashOperator): load> on 2026-09-21 13:14:19+00:00
[2026-09-21T13:14:27.136+0000] {standard_task_runner.py:72} INFO - Started process 835 to run task
[2026-09-21T13:14:27.138+0000] {standard_task_runner.py:104} INFO - Running: ['airflow', 'tasks', 'run', 'dss150p_sales_pipeline', 'load', 'manual__2026-09-21T13:14:19+00:00', '--job-id', '8', '--raw', '--subdir', 'DAGS_FOLDER/dss150p_pipeline.py', '--cfg-path', '/tmp/tmpn7jyv88f']
[2026-09-21T13:14:27.140+0000] {standard_task_runner.py:105} INFO - Job 8: Subtask load
[2026-09-21T13:14:27.178+0000] {task_command.py:467} INFO - Running <TaskInstance: dss150p_sales_pipeline.load manual__2026-09-21T13:14:19+00:00 [running]> on host b1db99fd47a1
[2026-09-21T13:14:27.236+0000] {taskinstance.py:3134} INFO - Exporting env vars: AIRFLOW_CTX_DAG_OWNER='dss150p' AIRFLOW_CTX_DAG_ID='dss150p_sales_pipeline' AIRFLOW_CTX_TASK_ID='load' AIRFLOW_CTX_EXECUTION_DATE='2026-09-21T13:14:19+00:00' AIRFLOW_CTX_TRY_NUMBER='1' AIRFLOW_CTX_DAG_RUN_ID='manual__2026-09-21T13:14:19+00:00'
[2026-09-21T13:14:27.238+0000] {taskinstance.py:732} INFO - ::endgroup::
[2026-09-21T13:14:27.247+0000] {subprocess.py:78} INFO - Tmp dir root location: /tmp
[2026-09-21T13:14:27.249+0000] {subprocess.py:88} INFO - Running command: ['/usr/bin/bash', '-c', 'cd /opt/airflow/project && PIPELINE_RUN_ID="manual__2026-09-21T13:14:19+00:00" python -m src.cli load']
[2026-09-21T13:14:27.259+0000] {subprocess.py:99} INFO - Output:
[2026-09-21T13:14:35.895+0000] {subprocess.py:106} INFO - [Load] Upserting curated data into PostgreSQL (run_id=manual__2026-09-21T13:14:19+00:00)...
[2026-09-21T13:14:35.896+0000] {subprocess.py:106} INFO - [UPSERT] Processed 33363 records (0 updated/inserted).
[2026-09-21T13:14:35.949+0000] {subprocess.py:110} INFO - Command exited with return code 0
[2026-09-21T13:14:35.970+0000] {taskinstance.py:341} INFO - ::group::Post task execution logs
[2026-09-21T13:14:35.971+0000] {taskinstance.py:353} INFO - Marking task as SUCCESS. dag_id=dss150p_sales_pipeline, task_id=load, run_id=manual__2026-09-21T13:14:19+00:00, execution_date=20260921T131419, start_date=20260921T131427, end_date=20260921T131435
[2026-09-21T13:14:36.006+0000] {local_task_job_runner.py:266} INFO - Task exited with return code 0
[2026-09-21T13:14:36.020+0000] {taskinstance.py:3901} INFO - 1 downstream tasks scheduled from follow-on schedule check
[2026-09-21T13:14:36.022+0000] {local_task_job_runner.py:245} INFO - ::endgroup::
