[2026-09-21T14:19:29.355+0000] {local_task_job_runner.py:123} INFO - ::group::Pre task execution logs
[2026-09-21T14:19:29.366+0000] {taskinstance.py:2614} INFO - Dependencies all met for dep_context=non-requeueable deps ti=<TaskInstance: dss150p_sales_pipeline.load manual__2026-09-21T14:08:14+00:00 [queued]>
[2026-09-21T14:19:29.371+0000] {taskinstance.py:2614} INFO - Dependencies all met for dep_context=requeueable deps ti=<TaskInstance: dss150p_sales_pipeline.load manual__2026-09-21T14:08:14+00:00 [queued]>
[2026-09-21T14:19:29.372+0000] {taskinstance.py:2867} INFO - Starting attempt 1 of 3
[2026-09-21T14:19:29.379+0000] {taskinstance.py:2890} INFO - Executing <Task(BashOperator): load> on 2026-09-21 14:08:14+00:00
[2026-09-21T14:19:29.385+0000] {standard_task_runner.py:72} INFO - Started process 1856 to run task
[2026-09-21T14:19:29.387+0000] {standard_task_runner.py:104} INFO - Running: ['airflow', 'tasks', 'run', 'dss150p_sales_pipeline', 'load', 'manual__2026-09-21T14:08:14+00:00', '--job-id', '19', '--raw', '--subdir', 'DAGS_FOLDER/dss150p_pipeline.py', '--cfg-path', '/tmp/tmpluo_u3ma']
[2026-09-21T14:19:29.389+0000] {standard_task_runner.py:105} INFO - Job 19: Subtask load
[2026-09-21T14:19:29.423+0000] {task_command.py:467} INFO - Running <TaskInstance: dss150p_sales_pipeline.load manual__2026-09-21T14:08:14+00:00 [running]> on host b1db99fd47a1
[2026-09-21T14:19:29.479+0000] {taskinstance.py:3134} INFO - Exporting env vars: AIRFLOW_CTX_DAG_OWNER='dss150p' AIRFLOW_CTX_DAG_ID='dss150p_sales_pipeline' AIRFLOW_CTX_TASK_ID='load' AIRFLOW_CTX_EXECUTION_DATE='2026-09-21T14:08:14+00:00' AIRFLOW_CTX_TRY_NUMBER='1' AIRFLOW_CTX_DAG_RUN_ID='manual__2026-09-21T14:08:14+00:00'
[2026-09-21T14:19:29.480+0000] {taskinstance.py:732} INFO - ::endgroup::
[2026-09-21T14:19:29.489+0000] {subprocess.py:78} INFO - Tmp dir root location: /tmp
[2026-09-21T14:19:29.491+0000] {subprocess.py:88} INFO - Running command: ['/usr/bin/bash', '-c', 'cd /opt/airflow/project && PIPELINE_RUN_ID="manual__2026-09-21T14:08:14+00:00" python -m src.cli load']
[2026-09-21T14:19:29.501+0000] {subprocess.py:99} INFO - Output:
[2026-09-21T14:19:37.902+0000] {subprocess.py:106} INFO - [Load] Upserting curated data into PostgreSQL (run_id=manual__2026-09-21T14:08:14+00:00)...
[2026-09-21T14:19:37.903+0000] {subprocess.py:106} INFO - [UPSERT] Processed 33363 records (0 updated/inserted).
[2026-09-21T14:19:37.955+0000] {subprocess.py:110} INFO - Command exited with return code 0
[2026-09-21T14:19:37.976+0000] {taskinstance.py:341} INFO - ::group::Post task execution logs
[2026-09-21T14:19:37.977+0000] {taskinstance.py:353} INFO - Marking task as SUCCESS. dag_id=dss150p_sales_pipeline, task_id=load, run_id=manual__2026-09-21T14:08:14+00:00, execution_date=20260921T140814, start_date=20260921T141929, end_date=20260921T141937
[2026-09-21T14:19:38.011+0000] {local_task_job_runner.py:266} INFO - Task exited with return code 0
[2026-09-21T14:19:38.025+0000] {taskinstance.py:3901} INFO - 1 downstream tasks scheduled from follow-on schedule check
[2026-09-21T14:19:38.026+0000] {local_task_job_runner.py:245} INFO - ::endgroup::
